// Jest Snapshot v1, https://goo.gl/fbAQLP

exports[`computeVisGraph it works with a simple example 1`] = `
Object {
  "edges": Array [
    Object {
      "color": "#738694",
      "font": Object {
        "align": "top",
      },
      "from": "https://stoplight.io/api/nodes.raw?srn=gh/stoplightio/studio-demo/reference/todos/models/todo-full.v1.json",
      "label": "",
      "title": "reference",
      "to": "http://stoplight.io/api/nodes.raw?srn=gh/stoplightio/studio-demo/reference/todos/models/todo-partial.v1.json",
    },
    Object {
      "color": "#738694",
      "font": Object {
        "align": "top",
      },
      "from": "https://stoplight.io/api/nodes.raw?srn=gh/stoplightio/studio-demo/reference/todos/models/todo-full.v1.json",
      "label": "",
      "title": "user",
      "to": "http://stoplight.io/api/nodes.raw?srn=gh/stoplightio/studio-demo/reference/todos/models/user.v1.json",
    },
    Object {
      "color": "#738694",
      "font": Object {
        "align": "top",
      },
      "from": "root",
      "label": "",
      "title": "todo",
      "to": "https://stoplight.io/api/nodes.raw?srn=gh/stoplightio/studio-demo/reference/todos/models/todo-full.v1.json",
    },
    Object {
      "color": "#738694",
      "font": Object {
        "align": "top",
      },
      "from": "root",
      "label": "",
      "title": "name",
      "to": "#/definitions/name",
    },
  ],
  "nodes": Array [
    Object {
      "color": "#f5f8fa",
      "font": Object {
        "color": "#10161a",
      },
      "id": "root",
      "label": "Root",
      "level": 0,
    },
    Object {
      "color": "#f5f8fa",
      "font": Object {
        "color": "#10161a",
      },
      "id": "https://stoplight.io/api/nodes.raw?srn=gh/stoplightio/studio-demo/reference/todos/models/todo-full.v1.json",
      "label": "Todo Full",
      "level": 1,
    },
    Object {
      "color": "#f5f8fa",
      "font": Object {
        "color": "#10161a",
      },
      "id": "http://stoplight.io/api/nodes.raw?srn=gh/stoplightio/studio-demo/reference/todos/models/todo-partial.v1.json",
      "label": "Todo Partial",
      "level": 2,
    },
    Object {
      "color": "#f5f8fa",
      "font": Object {
        "color": "#10161a",
      },
      "id": "http://stoplight.io/api/nodes.raw?srn=gh/stoplightio/studio-demo/reference/todos/models/user.v1.json",
      "label": "User",
      "level": 2,
    },
    Object {
      "color": "#f5f8fa",
      "font": Object {
        "color": "#10161a",
      },
      "id": "#/definitions/name",
      "label": "Name",
      "level": 1,
    },
  ],
}
`;
